#
# There is insufficient memory for the Java Runtime Environment to continue.
# Native memory allocation (malloc) failed to allocate 1134416 bytes. Error detail: Chunk::new
# Possible reasons:
#   The system is out of physical RAM or swap space
#   This process is running with CompressedOops enabled, and the Java Heap may be blocking the growth of the native heap
# Possible solutions:
#   Reduce memory load on the system
#   Increase physical memory or swap space
#   Check if swap backing store is full
#   Decrease Java heap size (-Xmx/-Xms)
#   Decrease number of Java threads
#   Decrease Java thread stack sizes (-Xss)
#   Set larger code cache with -XX:ReservedCodeCacheSize=
#   JVM is running with Unscaled Compressed Oops mode in which the Java heap is
#     placed in the first 4GB address space. The Java Heap base address is the
#     maximum limit for the native heap growth. Please use -XX:HeapBaseMinAddress
#     to set the Java Heap base and to place the Java Heap above 4GB virtual address.
# This output file may be truncated or incomplete.
#
#  Out of Memory Error (arena.cpp:168), pid=6716, tid=3864
#
# JRE version: OpenJDK Runtime Environment Temurin-21.0.10+7 (21.0.10+7) (build 21.0.10+7-LTS)
# Java VM: OpenJDK 64-Bit Server VM Temurin-21.0.10+7 (21.0.10+7-LTS, mixed mode, sharing, tiered, compressed oops, compressed class ptrs, parallel gc, windows-amd64)
# No core dump will be written. Minidumps are not enabled by default on client versions of Windows
#

---------------  S U M M A R Y ------------

Command Line: --add-modules=ALL-SYSTEM --add-opens=java.base/java.util=ALL-UNNAMED --add-opens=java.base/java.lang=ALL-UNNAMED --add-opens=java.base/sun.nio.fs=ALL-UNNAMED -Declipse.application=org.eclipse.jdt.ls.core.id1 -Dosgi.bundles.defaultStartLevel=4 -Declipse.product=org.eclipse.jdt.ls.core.product -Djava.import.generatesMetadataFilesAtProjectRoot=false -DDetectVMInstallationsJob.disabled=true -Dfile.encoding=utf8 -XX:+UseParallelGC -XX:GCTimeRatio=4 -XX:AdaptiveSizePolicyWeight=90 -Dsun.zip.disableMemoryMapping=true -Xmx2G -Xms100m -Xlog:disable -javaagent:c:\Users\ai586\.windsurf\extensions\redhat.java-1.54.0-win32-x64\lombok\lombok-1.18.39-4050.jar c:\Users\ai586\.windsurf\extensions\redhat.java-1.54.0-win32-x64\server\plugins\org.eclipse.equinox.launcher_1.7.100.v20251111-0406.jar -configuration c:\Users\ai586\AppData\Roaming\Windsurf\User\globalStorage\redhat.java\1.54.0\config_ss_win -data c:\Users\ai586\AppData\Roaming\Windsurf\User\workspaceStorage\3add33ce641f9c3ff806bd355e41fd44\redhat.java\ss_ws --pipe=\\.\pipe\lsp-d879d15256f01711bc1a2c301083de91-sock

Host: AMD Ryzen 5 5600H with Radeon Graphics         , 12 cores, 15G,  Windows 11 , 64 bit Build 26100 (10.0.26100.8328)
Time: Sat May 16 10:47:17 2026 India Standard Time elapsed time: 19.382483 seconds (0d 0h 0m 19s)

---------------  T H R E A D  ---------------

Current thread (0x00000208fe9ba6d0):  JavaThread "C2 CompilerThread0" daemon [_thread_in_native, id=3864, stack(0x0000007b15200000,0x0000007b15300000) (1024K)]


Current CompileTask:
C2:19382 2600       4       org.lombokweb.asm.ClassReader::readMethod (1070 bytes)

Stack: [0x0000007b15200000,0x0000007b15300000]
Native frames: (J=compiled Java code, j=interpreted, Vv=VM code, C=native code)
V  [jvm.dll+0x6d7a39]
V  [jvm.dll+0x8b4b26]
V  [jvm.dll+0x8b70de]
V  [jvm.dll+0x8b77c3]
V  [jvm.dll+0x284346]
V  [jvm.dll+0xc66ed]
V  [jvm.dll+0xc6c31]
V  [jvm.dll+0x3bec01]
V  [jvm.dll+0x38b162]
V  [jvm.dll+0x38a5aa]
V  [jvm.dll+0x24c560]
V  [jvm.dll+0x24bb40]
V  [jvm.dll+0x1cb34e]
V  [jvm.dll+0x25b85d]
V  [jvm.dll+0x259dea]
V  [jvm.dll+0x3f857e]
V  [jvm.dll+0x85f59d]
V  [jvm.dll+0x6d626d]
C  [ucrtbase.dll+0x37b0]
C  [KERNEL32.DLL+0x2e957]
C  [ntdll.dll+0x427c]


---------------  P R O C E S S  ---------------

Threads class SMR info:
_java_thread_list=0x00000208c989a0e0, length=19, elements={
0x00000208eaca3d70, 0x00000208ead443c0, 0x00000208ead44f20, 0x00000208ead49d80,
0x00000208ead4acc0, 0x00000208ead4cc80, 0x00000208ead54290, 0x00000208fe9ba6d0,
0x00000208ead5e910, 0x00000208febae620, 0x00000208fed0a280, 0x00000208c9846e70,
0x00000208c924dfe0, 0x00000208c924f670, 0x00000208fea3aff0, 0x00000208c9a806a0,
0x00000208c948af30, 0x00000208c96f7030, 0x00000208ca60df20
}

Java Threads: ( => current thread )
  0x00000208eaca3d70 JavaThread "main"                              [_thread_blocked, id=4296, stack(0x0000007b14800000,0x0000007b14900000) (1024K)]
  0x00000208ead443c0 JavaThread "Reference Handler"          daemon [_thread_blocked, id=26356, stack(0x0000007b14c00000,0x0000007b14d00000) (1024K)]
  0x00000208ead44f20 JavaThread "Finalizer"                  daemon [_thread_blocked, id=23224, stack(0x0000007b14d00000,0x0000007b14e00000) (1024K)]
  0x00000208ead49d80 JavaThread "Signal Dispatcher"          daemon [_thread_blocked, id=21240, stack(0x0000007b14e00000,0x0000007b14f00000) (1024K)]
  0x00000208ead4acc0 JavaThread "Attach Listener"            daemon [_thread_blocked, id=12432, stack(0x0000007b14f00000,0x0000007b15000000) (1024K)]
  0x00000208ead4cc80 JavaThread "Service Thread"             daemon [_thread_blocked, id=24956, stack(0x0000007b15000000,0x0000007b15100000) (1024K)]
  0x00000208ead54290 JavaThread "Monitor Deflation Thread"   daemon [_thread_blocked, id=19260, stack(0x0000007b15100000,0x0000007b15200000) (1024K)]
=>0x00000208fe9ba6d0 JavaThread "C2 CompilerThread0"         daemon [_thread_in_native, id=3864, stack(0x0000007b15200000,0x0000007b15300000) (1024K)]
  0x00000208ead5e910 JavaThread "C1 CompilerThread0"         daemon [_thread_blocked, id=32424, stack(0x0000007b15300000,0x0000007b15400000) (1024K)]
  0x00000208febae620 JavaThread "Common-Cleaner"             daemon [_thread_blocked, id=24964, stack(0x0000007b15500000,0x0000007b15600000) (1024K)]
  0x00000208fed0a280 JavaThread "Notification Thread"        daemon [_thread_blocked, id=15368, stack(0x0000007b15400000,0x0000007b15500000) (1024K)]
  0x00000208c9846e70 JavaThread "Active Thread: Equinox Container: bd0b875d-be16-43a3-acac-a5c9ad8c11a5"        [_thread_blocked, id=37496, stack(0x0000007b15e00000,0x0000007b15f00000) (1024K)]
  0x00000208c924dfe0 JavaThread "Framework Event Dispatcher: Equinox Container: bd0b875d-be16-43a3-acac-a5c9ad8c11a5" daemon [_thread_blocked, id=18744, stack(0x0000007b15600000,0x0000007b15700000) (1024K)]
  0x00000208c924f670 JavaThread "Start Level: Equinox Container: bd0b875d-be16-43a3-acac-a5c9ad8c11a5" daemon [_thread_blocked, id=10528, stack(0x0000007b15700000,0x0000007b15800000) (1024K)]
  0x00000208fea3aff0 JavaThread "SCR Component Actor"        daemon [_thread_blocked, id=35260, stack(0x0000007b16000000,0x0000007b16100000) (1024K)]
  0x00000208c9a806a0 JavaThread "Worker-JM"                         [_thread_blocked, id=17964, stack(0x0000007b16300000,0x0000007b16400000) (1024K)]
  0x00000208c948af30 JavaThread "Worker-0"                          [_thread_blocked, id=18992, stack(0x0000007b16500000,0x0000007b16600000) (1024K)]
  0x00000208c96f7030 JavaThread "Worker-1"                          [_thread_blocked, id=23688, stack(0x0000007b16600000,0x0000007b16700000) (1024K)]
  0x00000208ca60df20 JavaThread "C2 CompilerThread1"         daemon [_thread_blocked, id=36516, stack(0x0000007b16100000,0x0000007b16200000) (1024K)]
Total: 19

Other Threads:
  0x00000208fe9b0d70 VMThread "VM Thread"                           [id=21272, stack(0x0000007b14b00000,0x0000007b14c00000) (1024K)]
  0x00000208eab2ba00 WatcherThread "VM Periodic Task Thread"        [id=34132, stack(0x0000007b14a00000,0x0000007b14b00000) (1024K)]
  0x00000208eacc0e40 WorkerThread "GC Thread#0"                     [id=26436, stack(0x0000007b14900000,0x0000007b14a00000) (1024K)]
  0x00000208c91d9b20 WorkerThread "GC Thread#1"                     [id=10160, stack(0x0000007b15800000,0x0000007b15900000) (1024K)]
  0x00000208c91da0e0 WorkerThread "GC Thread#2"                     [id=25824, stack(0x0000007b15900000,0x0000007b15a00000) (1024K)]
  0x00000208c9791ae0 WorkerThread "GC Thread#3"                     [id=37264, stack(0x0000007b15a00000,0x0000007b15b00000) (1024K)]
  0x00000208c9791e90 WorkerThread "GC Thread#4"                     [id=24656, stack(0x0000007b15b00000,0x0000007b15c00000) (1024K)]
  0x00000208c9792240 WorkerThread "GC Thread#5"                     [id=34780, stack(0x0000007b15c00000,0x0000007b15d00000) (1024K)]
  0x00000208c97925f0 WorkerThread "GC Thread#6"                     [id=12708, stack(0x0000007b15d00000,0x0000007b15e00000) (1024K)]
  0x00000208c977d320 WorkerThread "GC Thread#7"                     [id=30088, stack(0x0000007b15f00000,0x0000007b16000000) (1024K)]
  0x00000208c9aaced0 WorkerThread "GC Thread#8"                     [id=35672, stack(0x0000007b16200000,0x0000007b16300000) (1024K)]
  0x00000208c9aad690 WorkerThread "GC Thread#9"                     [id=36236, stack(0x0000007b16400000,0x0000007b16500000) (1024K)]
Total: 12

Threads with active compile tasks:
C2 CompilerThread0  19443 2600       4       org.lombokweb.asm.ClassReader::readMethod (1070 bytes)
C2 CompilerThread1  19443 2645       4       lombok.launch.ClassFileMetaData::decodeString (181 bytes)
Total: 2

VM state: at safepoint (normal execution)

VM Mutex/Monitor currently owned by a thread:  ([mutex/lock_event])
[0x00007ff80e2ce560] Threads_lock - owner thread: 0x00000208fe9b0d70
[0x00007ff80e2ce660] Heap_lock - owner thread: 0x00000208c924f670

Heap address: 0x0000000080000000, size: 2048 MB, Compressed Oops mode: 32-bit

CDS archive(s) mapped at: [0x0000020884000000-0x0000020884ba0000-0x0000020884ba0000), size 12189696, SharedBaseAddress: 0x0000020884000000, ArchiveRelocationMode: 1.
Compressed class space mapped at: 0x0000020885000000-0x00000208c5000000, reserved size: 1073741824
Narrow klass base: 0x0000020884000000, Narrow klass shift: 0, Narrow klass range: 0x100000000

GC Precious Log:
 CardTable entry size: 512
 CPUs: 12 total, 12 available
 Memory: 15775M
 Large Page Support: Disabled
 NUMA Support: Disabled
 Compressed Oops: Enabled (32-bit)
 Alignments: Space 512K, Generation 512K, Heap 2M
 Heap Min Capacity: 100M
 Heap Initial Capacity: 100M
 Heap Max Capacity: 2G
 Pre-touch: Disabled
 Parallel Workers: 10

Heap:
 PSYoungGen      total 27136K, used 4082K [0x00000000d5580000, 0x00000000d7b00000, 0x0000000100000000)
  eden space 23040K, 0% used [0x00000000d5580000,0x00000000d5580000,0x00000000d6c00000)
  from space 4096K, 99% used [0x00000000d7280000,0x00000000d767cae0,0x00000000d7680000)
  to   space 6656K, 0% used [0x00000000d6c00000,0x00000000d6c00000,0x00000000d7280000)
 ParOldGen       total 68608K, used 8582K [0x0000000080000000, 0x0000000084300000, 0x00000000d5580000)
  object space 68608K, 12% used [0x0000000080000000,0x0000000080861900,0x0000000084300000)
 Metaspace       used 20845K, committed 21504K, reserved 1114112K
  class space    used 2014K, committed 2304K, reserved 1048576K

Card table byte_map: [0x00000208ea640000,0x00000208eaa50000] _byte_map_base: 0x00000208ea240000

Marking Bits: (ParMarkBitMap*) 0x00007ff80e2d3450
 Begin Bits: [0x0000020880000000, 0x0000020882000000)
 End Bits:   [0x0000020882000000, 0x0000020884000000)

Polling page: 0x00000208e8a80000

Metaspace:

Usage:
  Non-class:     18.39 MB used.
      Class:      1.97 MB used.
       Both:     20.36 MB used.

Virtual space:
  Non-class space:       64.00 MB reserved,      18.75 MB ( 29%) committed,  1 nodes.
      Class space:        1.00 GB reserved,       2.25 MB ( <1%) committed,  1 nodes.
             Both:        1.06 GB reserved,      21.00 MB (  2%) committed. 

Chunk freelists:
   Non-Class:  12.50 MB
       Class:  13.59 MB
        Both:  26.09 MB

MaxMetaspaceSize: unlimited
CompressedClassSpaceSize: 1.00 GB
Initial GC threshold: 21.00 MB
Current GC threshold: 21.00 MB
CDS: on
 - commit_granule_bytes: 65536.
 - commit_granule_words: 8192.
 - virtual_space_node_default_size: 8388608.
 - enlarge_chunks_in_place: 1.
 - use_allocation_guard: 0.


Internal statistics:

num_allocs_failed_limit: 3.
num_arena_births: 460.
num_arena_deaths: 0.
num_vsnodes_births: 2.
num_vsnodes_deaths: 0.
num_space_committed: 336.
num_space_uncommitted: 0.
num_chunks_returned_to_freelist: 3.
num_chunks_taken_from_freelist: 1228.
num_chunk_merges: 3.
num_chunk_splits: 805.
num_chunks_enlarged: 536.
num_inconsistent_stats: 0.

CodeHeap 'non-profiled nmethods': size=120000Kb used=1154Kb max_used=1154Kb free=118845Kb
 bounds [0x00000208f5970000, 0x00000208f5be0000, 0x00000208fcea0000]
CodeHeap 'profiled nmethods': size=120000Kb used=5196Kb max_used=5196Kb free=114803Kb
 bounds [0x00000208edea0000, 0x00000208ee3c0000, 0x00000208f53d0000]
CodeHeap 'non-nmethods': size=5760Kb used=1305Kb max_used=1321Kb free=4455Kb
 bounds [0x00000208f53d0000, 0x00000208f5640000, 0x00000208f5970000]
CodeCache: size=245760Kb, used=7655Kb, max_used=7671Kb, free=238103Kb
 total_blobs=3241, nmethods=2656, adapters=491, full_count=0
Compilation: enabled, stopped_count=0, restarted_count=0

Compilation events (20 events):
Event: 19.309 Thread 0x00000208ead5e910 2637       3       org.eclipse.core.internal.preferences.PreferencesService::getDefault (20 bytes)
Event: 19.309 Thread 0x00000208ead5e910 nmethod 2637 0x00000208ee39c210 code [0x00000208ee39c3c0, 0x00000208ee39c5b8]
Event: 19.309 Thread 0x00000208ead5e910 2639       3       org.eclipse.core.internal.preferences.DefaultPreferences::getScopeRelativePath (43 bytes)
Event: 19.310 Thread 0x00000208ead5e910 nmethod 2639 0x00000208ee39c690 code [0x00000208ee39c8a0, 0x00000208ee39ce58]
Event: 19.310 Thread 0x00000208ead5e910 2640       3       org.eclipse.core.internal.preferences.DefaultPreferences::internalPut (66 bytes)
Event: 19.311 Thread 0x00000208ead5e910 nmethod 2640 0x00000208ee39d090 code [0x00000208ee39d300, 0x00000208ee39dd38]
Event: 19.311 Thread 0x00000208ead5e910 2636       3       org.eclipse.core.internal.preferences.EclipsePreferences::absolutePath (79 bytes)
Event: 19.316 Thread 0x00000208ead5e910 nmethod 2636 0x00000208ee39e110 code [0x00000208ee39e7c0, 0x00000208ee3a38f8]
Event: 19.316 Thread 0x00000208ead5e910 2638       3       org.eclipse.core.internal.preferences.DefaultPreferences::getLoadLevel (52 bytes)
Event: 19.317 Thread 0x00000208ead5e910 nmethod 2638 0x00000208ee3a4c10 code [0x00000208ee3a4e00, 0x00000208ee3a5450]
Event: 19.317 Thread 0x00000208ead5e910 2641       3       org.eclipse.core.internal.preferences.PreferencesService::getRootNode (4 bytes)
Event: 19.317 Thread 0x00000208ead5e910 nmethod 2641 0x00000208ee3a5690 code [0x00000208ee3a5820, 0x00000208ee3a5938]
Event: 19.317 Thread 0x00000208ead5e910 2642       3       org.eclipse.core.internal.preferences.RootPreferences::node (7 bytes)
Event: 19.318 Thread 0x00000208ead5e910 nmethod 2642 0x00000208ee3a5a10 code [0x00000208ee3a5bc0, 0x00000208ee3a5d08]
Event: 19.318 Thread 0x00000208ead5e910 2643       3       org.eclipse.core.internal.preferences.RootPreferences::getNode (135 bytes)
Event: 19.320 Thread 0x00000208ead5e910 nmethod 2643 0x00000208ee3a5d90 code [0x00000208ee3a60e0, 0x00000208ee3a7480]
Event: 19.320 Thread 0x00000208ead5e910 2644   !   3       org.eclipse.core.internal.preferences.EclipsePreferences::getOrCreate (108 bytes)
Event: 19.322 Thread 0x00000208ead5e910 nmethod 2644 0x00000208ee3a7b90 code [0x00000208ee3a7de0, 0x00000208ee3a88a0]
Event: 19.378 Thread 0x00000208ead5e910 2648 %     3       lombok.launch.PackageShader::apply @ 154 (252 bytes)
Event: 19.380 Thread 0x00000208ead5e910 nmethod 2648% 0x00000208ee3a8c90 code [0x00000208ee3a8f20, 0x00000208ee3a9f88]

GC Heap History (10 events):
Event: 1.875 GC heap before
{Heap before GC invocations=1 (full 0):
 PSYoungGen      total 29696K, used 25600K [0x00000000d5580000, 0x00000000d7680000, 0x0000000100000000)
  eden space 25600K, 100% used [0x00000000d5580000,0x00000000d6e80000,0x00000000d6e80000)
  from space 4096K, 0% used [0x00000000d7280000,0x00000000d7280000,0x00000000d7680000)
  to   space 4096K, 0% used [0x00000000d6e80000,0x00000000d6e80000,0x00000000d7280000)
 ParOldGen       total 68608K, used 0K [0x0000000080000000, 0x0000000084300000, 0x00000000d5580000)
  object space 68608K, 0% used [0x0000000080000000,0x0000000080000000,0x0000000084300000)
 Metaspace       used 4367K, committed 4608K, reserved 1114112K
  class space    used 474K, committed 576K, reserved 1048576K
}
Event: 1.889 GC heap after
{Heap after GC invocations=1 (full 0):
 PSYoungGen      total 29696K, used 3271K [0x00000000d5580000, 0x00000000d7680000, 0x0000000100000000)
  eden space 25600K, 0% used [0x00000000d5580000,0x00000000d5580000,0x00000000d6e80000)
  from space 4096K, 79% used [0x00000000d6e80000,0x00000000d71b1e98,0x00000000d7280000)
  to   space 4096K, 0% used [0x00000000d7280000,0x00000000d7280000,0x00000000d7680000)
 ParOldGen       total 68608K, used 16K [0x0000000080000000, 0x0000000084300000, 0x00000000d5580000)
  object space 68608K, 0% used [0x0000000080000000,0x0000000080004000,0x0000000084300000)
 Metaspace       used 4367K, committed 4608K, reserved 1114112K
  class space    used 474K, committed 576K, reserved 1048576K
}
Event: 17.203 GC heap before
{Heap before GC invocations=2 (full 0):
 PSYoungGen      total 29696K, used 28871K [0x00000000d5580000, 0x00000000d7680000, 0x0000000100000000)
  eden space 25600K, 100% used [0x00000000d5580000,0x00000000d6e80000,0x00000000d6e80000)
  from space 4096K, 79% used [0x00000000d6e80000,0x00000000d71b1e98,0x00000000d7280000)
  to   space 4096K, 0% used [0x00000000d7280000,0x00000000d7280000,0x00000000d7680000)
 ParOldGen       total 68608K, used 16K [0x0000000080000000, 0x0000000084300000, 0x00000000d5580000)
  object space 68608K, 0% used [0x0000000080000000,0x0000000080004000,0x0000000084300000)
 Metaspace       used 8135K, committed 8384K, reserved 1114112K
  class space    used 862K, committed 960K, reserved 1048576K
}
Event: 17.210 GC heap after
{Heap after GC invocations=2 (full 0):
 PSYoungGen      total 29696K, used 4070K [0x00000000d5580000, 0x00000000d7680000, 0x0000000100000000)
  eden space 25600K, 0% used [0x00000000d5580000,0x00000000d5580000,0x00000000d6e80000)
  from space 4096K, 99% used [0x00000000d7280000,0x00000000d7679800,0x00000000d7680000)
  to   space 4096K, 0% used [0x00000000d6e80000,0x00000000d6e80000,0x00000000d7280000)
 ParOldGen       total 68608K, used 1177K [0x0000000080000000, 0x0000000084300000, 0x00000000d5580000)
  object space 68608K, 1% used [0x0000000080000000,0x00000000801266a8,0x0000000084300000)
 Metaspace       used 8135K, committed 8384K, reserved 1114112K
  class space    used 862K, committed 960K, reserved 1048576K
}
Event: 18.164 GC heap before
{Heap before GC invocations=3 (full 0):
 PSYoungGen      total 29696K, used 29670K [0x00000000d5580000, 0x00000000d7680000, 0x0000000100000000)
  eden space 25600K, 100% used [0x00000000d5580000,0x00000000d6e80000,0x00000000d6e80000)
  from space 4096K, 99% used [0x00000000d7280000,0x00000000d7679800,0x00000000d7680000)
  to   space 4096K, 0% used [0x00000000d6e80000,0x00000000d6e80000,0x00000000d7280000)
 ParOldGen       total 68608K, used 1177K [0x0000000080000000, 0x0000000084300000, 0x00000000d5580000)
  object space 68608K, 1% used [0x0000000080000000,0x00000000801266a8,0x0000000084300000)
 Metaspace       used 12963K, committed 13504K, reserved 1114112K
  class space    used 1372K, committed 1600K, reserved 1048576K
}
Event: 18.170 GC heap after
{Heap after GC invocations=3 (full 0):
 PSYoungGen      total 29696K, used 4092K [0x00000000d5580000, 0x00000000d7680000, 0x0000000100000000)
  eden space 25600K, 0% used [0x00000000d5580000,0x00000000d5580000,0x00000000d6e80000)
  from space 4096K, 99% used [0x00000000d6e80000,0x00000000d727f098,0x00000000d7280000)
  to   space 4096K, 0% used [0x00000000d7280000,0x00000000d7280000,0x00000000d7680000)
 ParOldGen       total 68608K, used 2897K [0x0000000080000000, 0x0000000084300000, 0x00000000d5580000)
  object space 68608K, 4% used [0x0000000080000000,0x00000000802d47c0,0x0000000084300000)
 Metaspace       used 12963K, committed 13504K, reserved 1114112K
  class space    used 1372K, committed 1600K, reserved 1048576K
}
Event: 18.843 GC heap before
{Heap before GC invocations=4 (full 0):
 PSYoungGen      total 29696K, used 29692K [0x00000000d5580000, 0x00000000d7680000, 0x0000000100000000)
  eden space 25600K, 100% used [0x00000000d5580000,0x00000000d6e80000,0x00000000d6e80000)
  from space 4096K, 99% used [0x00000000d6e80000,0x00000000d727f098,0x00000000d7280000)
  to   space 4096K, 0% used [0x00000000d7280000,0x00000000d7280000,0x00000000d7680000)
 ParOldGen       total 68608K, used 2897K [0x0000000080000000, 0x0000000084300000, 0x00000000d5580000)
  object space 68608K, 4% used [0x0000000080000000,0x00000000802d47c0,0x0000000084300000)
 Metaspace       used 16229K, committed 16832K, reserved 1114112K
  class space    used 1691K, committed 1984K, reserved 1048576K
}
Event: 18.851 GC heap after
{Heap after GC invocations=4 (full 0):
 PSYoungGen      total 29696K, used 4068K [0x00000000d5580000, 0x00000000d7680000, 0x0000000100000000)
  eden space 25600K, 0% used [0x00000000d5580000,0x00000000d5580000,0x00000000d6e80000)
  from space 4096K, 99% used [0x00000000d7280000,0x00000000d76793e8,0x00000000d7680000)
  to   space 4096K, 0% used [0x00000000d6e80000,0x00000000d6e80000,0x00000000d7280000)
 ParOldGen       total 68608K, used 6313K [0x0000000080000000, 0x0000000084300000, 0x00000000d5580000)
  object space 68608K, 9% used [0x0000000080000000,0x000000008062a610,0x0000000084300000)
 Metaspace       used 16229K, committed 16832K, reserved 1114112K
  class space    used 1691K, committed 1984K, reserved 1048576K
}
Event: 19.240 GC heap before
{Heap before GC invocations=5 (full 0):
 PSYoungGen      total 29696K, used 29640K [0x00000000d5580000, 0x00000000d7680000, 0x0000000100000000)
  eden space 25600K, 99% used [0x00000000d5580000,0x00000000d6e78e18,0x00000000d6e80000)
  from space 4096K, 99% used [0x00000000d7280000,0x00000000d76793e8,0x00000000d7680000)
  to   space 4096K, 0% used [0x00000000d6e80000,0x00000000d6e80000,0x00000000d7280000)
 ParOldGen       total 68608K, used 6313K [0x0000000080000000, 0x0000000084300000, 0x00000000d5580000)
  object space 68608K, 9% used [0x0000000080000000,0x000000008062a610,0x0000000084300000)
 Metaspace       used 20248K, committed 20928K, reserved 1114112K
  class space    used 1983K, committed 2304K, reserved 1048576K
}
Event: 19.244 GC heap after
{Heap after GC invocations=5 (full 0):
 PSYoungGen      total 29696K, used 4080K [0x00000000d5580000, 0x00000000d7680000, 0x0000000100000000)
  eden space 25600K, 0% used [0x00000000d5580000,0x00000000d5580000,0x00000000d6e80000)
  from space 4096K, 99% used [0x00000000d6e80000,0x00000000d727c2e8,0x00000000d7280000)
  to   space 4096K, 0% used [0x00000000d7280000,0x00000000d7280000,0x00000000d7680000)
 ParOldGen       total 68608K, used 6744K [0x0000000080000000, 0x0000000084300000, 0x00000000d5580000)
  object space 68608K, 9% used [0x0000000080000000,0x0000000080696390,0x0000000084300000)
 Metaspace       used 20248K, committed 20928K, reserved 1114112K
  class space    used 1983K, committed 2304K, reserved 1048576K
}

Dll operation events (11 events):
Event: 0.117 Loaded shared library c:\Users\ai586\.windsurf\extensions\redhat.java-1.54.0-win32-x64\jre\21.0.10-win32-x86_64\bin\java.dll
Event: 0.204 Loaded shared library c:\Users\ai586\.windsurf\extensions\redhat.java-1.54.0-win32-x64\jre\21.0.10-win32-x86_64\bin\zip.dll
Event: 0.237 Loaded shared library C:\Users\ai586\.windsurf\extensions\redhat.java-1.54.0-win32-x64\jre\21.0.10-win32-x86_64\bin\instrument.dll
Event: 0.245 Loaded shared library C:\Users\ai586\.windsurf\extensions\redhat.java-1.54.0-win32-x64\jre\21.0.10-win32-x86_64\bin\net.dll
Event: 0.250 Loaded shared library C:\Users\ai586\.windsurf\extensions\redhat.java-1.54.0-win32-x64\jre\21.0.10-win32-x86_64\bin\nio.dll
Event: 0.255 Loaded shared library C:\Users\ai586\.windsurf\extensions\redhat.java-1.54.0-win32-x64\jre\21.0.10-win32-x86_64\bin\zip.dll
Event: 0.285 Loaded shared library C:\Users\ai586\.windsurf\extensions\redhat.java-1.54.0-win32-x64\jre\21.0.10-win32-x86_64\bin\jimage.dll
Event: 0.537 Loaded shared library c:\Users\ai586\.windsurf\extensions\redhat.java-1.54.0-win32-x64\jre\21.0.10-win32-x86_64\bin\verify.dll
Event: 17.302 Loaded shared library C:\Users\ai586\AppData\Roaming\Windsurf\User\globalStorage\redhat.java\1.54.0\config_ss_win\org.eclipse.equinox.launcher\org.eclipse.equinox.launcher.win32.win32.x86_64_1.3.0.v20260203-2149\eclipse_11919.dll
Event: 18.311 Loaded shared library C:\Users\ai586\.windsurf\extensions\redhat.java-1.54.0-win32-x64\jre\21.0.10-win32-x86_64\bin\management.dll
Event: 18.384 Loaded shared library C:\Users\ai586\.windsurf\extensions\redhat.java-1.54.0-win32-x64\jre\21.0.10-win32-x86_64\bin\management_ext.dll

Deoptimization events (20 events):
Event: 18.716 Thread 0x00000208c924f670 DEOPT PACKING pc=0x00000208f5a6bc14 sp=0x0000007b157ef330
Event: 18.716 Thread 0x00000208c924f670 DEOPT UNPACKING pc=0x00000208f5423aa2 sp=0x0000007b157ef2d8 mode 2
Event: 18.747 Thread 0x00000208c924f670 DEOPT PACKING pc=0x00000208ee27c056 sp=0x0000007b157f4bb0
Event: 18.747 Thread 0x00000208c924f670 DEOPT UNPACKING pc=0x00000208f5424242 sp=0x0000007b157f40c0 mode 0
Event: 18.804 Thread 0x00000208c924f670 Uncommon trap: trap_request=0xffffff45 fr.pc=0x00000208f5a80b10 relative=0x0000000000000890
Event: 18.804 Thread 0x00000208c924f670 Uncommon trap: reason=unstable_if action=reinterpret pc=0x00000208f5a80b10 method=org.lombokweb.asm.ClassReader.readUTF8(I[C)Ljava/lang/String; @ 11 c2
Event: 18.804 Thread 0x00000208c924f670 DEOPT PACKING pc=0x00000208f5a80b10 sp=0x0000007b157ef520
Event: 18.804 Thread 0x00000208c924f670 DEOPT UNPACKING pc=0x00000208f5423aa2 sp=0x0000007b157ef528 mode 2
Event: 19.093 Thread 0x00000208c924f670 Uncommon trap: trap_request=0xffffff6e fr.pc=0x00000208f5a89700 relative=0x0000000000000a00
Event: 19.093 Thread 0x00000208c924f670 Uncommon trap: reason=loop_limit_check action=maybe_recompile pc=0x00000208f5a89700 method=java.util.regex.Pattern$StartS.match(Ljava/util/regex/Matcher;ILjava/lang/CharSequence;)Z @ 34 c2
Event: 19.093 Thread 0x00000208c924f670 DEOPT PACKING pc=0x00000208f5a89700 sp=0x0000007b157f26f0
Event: 19.093 Thread 0x00000208c924f670 DEOPT UNPACKING pc=0x00000208f5423aa2 sp=0x0000007b157f2640 mode 2
Event: 19.133 Thread 0x00000208c924f670 Uncommon trap: trap_request=0xffffff45 fr.pc=0x00000208f5a8d06c relative=0x000000000000014c
Event: 19.133 Thread 0x00000208c924f670 Uncommon trap: reason=unstable_if action=reinterpret pc=0x00000208f5a8d06c method=org.lombokweb.asm.ByteVector.putByteArray([BII)Lorg/lombokweb/asm/ByteVector; @ 20 c2
Event: 19.133 Thread 0x00000208c924f670 DEOPT PACKING pc=0x00000208f5a8d06c sp=0x0000007b157ee9f0
Event: 19.133 Thread 0x00000208c924f670 DEOPT UNPACKING pc=0x00000208f5423aa2 sp=0x0000007b157ee9c0 mode 2
Event: 19.133 Thread 0x00000208c924f670 Uncommon trap: trap_request=0xffffff45 fr.pc=0x00000208f5a8c524 relative=0x0000000000000364
Event: 19.133 Thread 0x00000208c924f670 Uncommon trap: reason=unstable_if action=reinterpret pc=0x00000208f5a8c524 method=org.lombokweb.asm.Label.resolve([BLorg/lombokweb/asm/ByteVector;I)Z @ 81 c2
Event: 19.133 Thread 0x00000208c924f670 DEOPT PACKING pc=0x00000208f5a8c524 sp=0x0000007b157eea80
Event: 19.133 Thread 0x00000208c924f670 DEOPT UNPACKING pc=0x00000208f5423aa2 sp=0x0000007b157ee988 mode 2

Classes loaded (20 events):
Event: 18.735 Loading class java/io/StringReader
Event: 18.735 Loading class java/io/StringReader done
Event: 18.740 Loading class java/util/zip/GZIPOutputStream
Event: 18.741 Loading class java/util/zip/GZIPOutputStream done
Event: 18.746 Loading class java/net/SocketTimeoutException
Event: 18.746 Loading class java/io/InterruptedIOException
Event: 18.746 Loading class java/io/InterruptedIOException done
Event: 18.746 Loading class java/net/SocketTimeoutException done
Event: 18.746 Loading class java/net/SocketException
Event: 18.747 Loading class java/net/SocketException done
Event: 18.747 Loading class java/net/UnknownHostException
Event: 18.747 Loading class java/net/UnknownHostException done
Event: 18.747 Loading class java/net/ProtocolException
Event: 18.747 Loading class java/net/ProtocolException done
Event: 18.774 Loading class java/lang/ThreadLocal$SuppliedThreadLocal
Event: 18.774 Loading class java/lang/ThreadLocal$SuppliedThreadLocal done
Event: 18.784 Loading class java/io/FileWriter
Event: 18.784 Loading class java/io/FileWriter done
Event: 18.784 Loading class java/lang/NegativeArraySizeException
Event: 18.784 Loading class java/lang/NegativeArraySizeException done

Classes unloaded (0 events):
No events

Classes redefined (0 events):
No events

Internal exceptions (20 events):
Event: 18.588 Thread 0x00000208c924f670 Exception <a 'java/lang/NoSuchMethodError'{0x00000000d5f27fc8}: 'java.lang.Object java.lang.invoke.DirectMethodHandle$Holder.invokeSpecial(java.lang.Object, java.lang.Object, java.lang.Object, int, java.lang.Object, java.lang.Object)'> (0x00000000d5f27fc8) 
thrown [s\src\hotspot\share\interpreter\linkResolver.cpp, line 773]
Event: 18.589 Thread 0x00000208c924f670 Exception <a 'java/lang/NoSuchMethodError'{0x00000000d5f2fc98}: 'java.lang.Object java.lang.invoke.DirectMethodHandle$Holder.newInvokeSpecial(java.lang.Object, java.lang.Object, java.lang.Object, int, java.lang.Object)'> (0x00000000d5f2fc98) 
thrown [s\src\hotspot\share\interpreter\linkResolver.cpp, line 773]
Event: 18.590 Thread 0x00000208c924f670 Exception <a 'java/lang/NoSuchMethodError'{0x00000000d5f33c18}: 'java.lang.Object java.lang.invoke.DirectMethodHandle$Holder.invokeSpecial(java.lang.Object, java.lang.Object, java.lang.Object, java.lang.Object, int, java.lang.Object)'> (0x00000000d5f33c18) 
thrown [s\src\hotspot\share\interpreter\linkResolver.cpp, line 773]
Event: 18.590 Thread 0x00000208c924f670 Exception <a 'java/lang/NoSuchMethodError'{0x00000000d5f37758}: 'java.lang.Object java.lang.invoke.Invokers$Holder.linkToTargetMethod(java.lang.Object, java.lang.Object, int, java.lang.Object, java.lang.Object)'> (0x00000000d5f37758) 
thrown [s\src\hotspot\share\interpreter\linkResolver.cpp, line 773]
Event: 18.591 Thread 0x00000208c948af30 Exception <a 'java/lang/NoSuchMethodError'{0x00000000d5e4e2b8}: 'java.lang.Object java.lang.invoke.DirectMethodHandle$Holder.invokeSpecial(java.lang.Object, java.lang.Object, int, java.lang.Object, java.lang.Object)'> (0x00000000d5e4e2b8) 
thrown [s\src\hotspot\share\interpreter\linkResolver.cpp, line 773]
Event: 18.592 Thread 0x00000208c948af30 Exception <a 'java/lang/NoSuchMethodError'{0x00000000d5e54ff0}: 'java.lang.Object java.lang.invoke.DirectMethodHandle$Holder.newInvokeSpecial(java.lang.Object, java.lang.Object, int, java.lang.Object)'> (0x00000000d5e54ff0) 
thrown [s\src\hotspot\share\interpreter\linkResolver.cpp, line 773]
Event: 18.593 Thread 0x00000208c948af30 Exception <a 'java/lang/NoSuchMethodError'{0x00000000d5e588d0}: 'java.lang.Object java.lang.invoke.DirectMethodHandle$Holder.invokeSpecial(java.lang.Object, java.lang.Object, java.lang.Object, int, java.lang.Object)'> (0x00000000d5e588d0) 
thrown [s\src\hotspot\share\interpreter\linkResolver.cpp, line 773]
Event: 18.620 Thread 0x00000208c924f670 Exception <a 'java/lang/NoSuchMethodError'{0x00000000d6082c90}: 'void java.lang.invoke.DirectMethodHandle$Holder.invokeSpecial(java.lang.Object, java.lang.Object, java.lang.Object, java.lang.Object, java.lang.Object)'> (0x00000000d6082c90) 
thrown [s\src\hotspot\share\interpreter\linkResolver.cpp, line 773]
Event: 18.690 Thread 0x00000208c924f670 Exception <a 'java/lang/NoSuchMethodError'{0x00000000d634eec8}: 'double java.lang.invoke.DirectMethodHandle$Holder.invokeStatic(java.lang.Object, java.lang.Object)'> (0x00000000d634eec8) 
thrown [s\src\hotspot\share\interpreter\linkResolver.cpp, line 773]
Event: 18.691 Thread 0x00000208c924f670 Exception <a 'java/lang/NoSuchMethodError'{0x00000000d6352588}: 'double java.lang.invoke.DirectMethodHandle$Holder.invokeStaticInit(java.lang.Object, java.lang.Object)'> (0x00000000d6352588) 
thrown [s\src\hotspot\share\interpreter\linkResolver.cpp, line 773]
Event: 18.884 Thread 0x00000208c924f670 Exception <a 'java/io/FileNotFoundException'{0x00000000d5a11340}> (0x00000000d5a11340) 
thrown [s\src\hotspot\share\prims\jni.cpp, line 520]
Event: 18.884 Thread 0x00000208c924f670 Exception <a 'java/io/FileNotFoundException'{0x00000000d5a12190}> (0x00000000d5a12190) 
thrown [s\src\hotspot\share\prims\jni.cpp, line 520]
Event: 18.884 Thread 0x00000208c924f670 Exception <a 'java/io/FileNotFoundException'{0x00000000d5a506c8}> (0x00000000d5a506c8) 
thrown [s\src\hotspot\share\prims\jni.cpp, line 520]
Event: 19.068 Thread 0x00000208c924f670 Exception <a 'java/lang/NoSuchMethodError'{0x00000000d6399500}: 'int java.lang.invoke.DirectMethodHandle$Holder.invokeStaticInit(java.lang.Object, java.lang.Object, java.lang.Object)'> (0x00000000d6399500) 
thrown [s\src\hotspot\share\interpreter\linkResolver.cpp, line 773]
Event: 19.133 Thread 0x00000208c924f670 Implicit null exception at 0x00000208f5a8cf75 to 0x00000208f5a8d050
Event: 19.256 Thread 0x00000208c924f670 Exception <a 'java/io/FileNotFoundException'{0x00000000d56300b8}> (0x00000000d56300b8) 
thrown [s\src\hotspot\share\prims\jni.cpp, line 520]
Event: 19.257 Thread 0x00000208c924f670 Exception <a 'java/lang/NoSuchMethodError'{0x00000000d5637940}: 'java.lang.Object java.lang.invoke.DirectMethodHandle$Holder.newInvokeSpecial(java.lang.Object, int, java.lang.Object, java.lang.Object)'> (0x00000000d5637940) 
thrown [s\src\hotspot\share\interpreter\linkResolver.cpp, line 773]
Event: 19.310 Thread 0x00000208c924f670 Exception <a 'java/io/FileNotFoundException'{0x00000000d61e6790}> (0x00000000d61e6790) 
thrown [s\src\hotspot\share\prims\jni.cpp, line 520]
Event: 19.310 Thread 0x00000208c924f670 Exception <a 'java/io/FileNotFoundException'{0x00000000d61e77a0}> (0x00000000d61e77a0) 
thrown [s\src\hotspot\share\prims\jni.cpp, line 520]
Event: 19.312 Thread 0x00000208c924f670 Exception <a 'java/io/FileNotFoundException'{0x00000000d61f57c8}> (0x00000000d61f57c8) 
thrown [s\src\hotspot\share\prims\jni.cpp, line 520]

ZGC Phase Switch (0 events):
No events

VM Operations (20 events):
Event: 3.957 Executing safepoint VM operation: Cleanup
Event: 3.957 Executing safepoint VM operation: Cleanup done
Event: 17.203 Executing safepoint VM operation: ParallelGCFailedAllocation (Allocation Failure)
Event: 17.210 Executing safepoint VM operation: ParallelGCFailedAllocation (Allocation Failure) done
Event: 17.475 Executing non-safepoint VM operation: HandshakeAllThreads (Deoptimize)
Event: 17.475 Executing non-safepoint VM operation: HandshakeAllThreads (Deoptimize) done
Event: 17.947 Executing non-safepoint VM operation: HandshakeAllThreads (Deoptimize)
Event: 17.947 Executing non-safepoint VM operation: HandshakeAllThreads (Deoptimize) done
Event: 18.163 Executing safepoint VM operation: ParallelGCFailedAllocation (Allocation Failure)
Event: 18.170 Executing safepoint VM operation: ParallelGCFailedAllocation (Allocation Failure) done
Event: 18.431 Executing non-safepoint VM operation: HandshakeAllThreads (Deoptimize)
Event: 18.431 Executing non-safepoint VM operation: HandshakeAllThreads (Deoptimize) done
Event: 18.437 Executing non-safepoint VM operation: HandshakeAllThreads (Deoptimize)
Event: 18.437 Executing non-safepoint VM operation: HandshakeAllThreads (Deoptimize) done
Event: 18.459 Executing non-safepoint VM operation: HandshakeAllThreads (Deoptimize)
Event: 18.459 Executing non-safepoint VM operation: HandshakeAllThreads (Deoptimize) done
Event: 18.842 Executing safepoint VM operation: ParallelGCFailedAllocation (Allocation Failure)
Event: 18.851 Executing safepoint VM operation: ParallelGCFailedAllocation (Allocation Failure) done
Event: 19.240 Executing safepoint VM operation: ParallelGCFailedAllocation (Allocation Failure)
Event: 19.244 Executing safepoint VM operation: ParallelGCFailedAllocation (Allocation Failure) done

Memory protections (0 events):
No events

Nmethod flushes (0 events):
No events

Events (20 events):
Event: 1.156 Thread 0x00000208ead5e910 Thread added: 0x00000208fed8e530
Event: 1.974 Thread 0x00000208fed8e530 Thread exited: 0x00000208fed8e530
Event: 1.974 Thread 0x00000208fed8cb10 Thread exited: 0x00000208fed8cb10
Event: 2.282 Thread 0x00000208ead5e910 Thread added: 0x00000208c93cb050
Event: 2.301 Thread 0x00000208ead5e910 Thread added: 0x00000208c98a3000
Event: 2.809 Thread 0x00000208eaca3d70 Thread added: 0x00000208c9846e70
Event: 3.260 Thread 0x00000208c98a3000 Thread exited: 0x00000208c98a3000
Event: 3.286 Thread 0x00000208c93cb050 Thread exited: 0x00000208c93cb050
Event: 17.157 Thread 0x00000208eaca3d70 Thread added: 0x00000208c924dfe0
Event: 17.163 Thread 0x00000208eaca3d70 Thread added: 0x00000208c924f670
Event: 17.455 Thread 0x00000208c924f670 Thread added: 0x00000208fea3aff0
Event: 17.665 Thread 0x00000208ead5e910 Thread added: 0x00000208c9870220
Event: 17.665 Thread 0x00000208ead5e910 Thread added: 0x00000208c9282b70
Event: 18.001 Thread 0x00000208c924f670 Thread added: 0x00000208c9a806a0
Event: 18.034 Thread 0x00000208c9282b70 Thread exited: 0x00000208c9282b70
Event: 18.386 Thread 0x00000208c9870220 Thread exited: 0x00000208c9870220
Event: 18.470 Thread 0x00000208fe9ba6d0 Thread added: 0x00000208c9870220
Event: 18.560 Thread 0x00000208c924f670 Thread added: 0x00000208c948af30
Event: 18.593 Thread 0x00000208c924f670 Thread added: 0x00000208c96f7030
Event: 19.024 Thread 0x00000208c9870220 Thread exited: 0x00000208c9870220


Dynamic libraries:
0x00007ff695f10000 - 0x00007ff695f1e000 	c:\Users\ai586\.windsurf\extensions\redhat.java-1.54.0-win32-x64\jre\21.0.10-win32-x86_64\bin\java.exe
0x00007ff894e00000 - 0x00007ff895067000 	C:\WINDOWS\SYSTEM32\ntdll.dll
0x00007ff892f90000 - 0x00007ff893059000 	C:\WINDOWS\System32\KERNEL32.DLL
0x00007ff892600000 - 0x00007ff8929f7000 	C:\WINDOWS\System32\KERNELBASE.dll
0x00007ff892a30000 - 0x00007ff892b7b000 	C:\WINDOWS\System32\ucrtbase.dll
0x00007ff8652e0000 - 0x00007ff8652f8000 	c:\Users\ai586\.windsurf\extensions\redhat.java-1.54.0-win32-x64\jre\21.0.10-win32-x86_64\bin\jli.dll
0x00007ff87bdf0000 - 0x00007ff87be0e000 	c:\Users\ai586\.windsurf\extensions\redhat.java-1.54.0-win32-x64\jre\21.0.10-win32-x86_64\bin\VCRUNTIME140.dll
0x00007ff893060000 - 0x00007ff893226000 	C:\WINDOWS\System32\USER32.dll
0x00007ff87be60000 - 0x00007ff87c0f2000 	C:\WINDOWS\WinSxS\amd64_microsoft.windows.common-controls_6595b64144ccf1df_6.0.26100.8457_none_3e0b2faee331e92d\COMCTL32.dll
0x00007ff892a00000 - 0x00007ff892a27000 	C:\WINDOWS\System32\win32u.dll
0x00007ff8943b0000 - 0x00007ff894459000 	C:\WINDOWS\System32\msvcrt.dll
0x00007ff8936d0000 - 0x00007ff8936fb000 	C:\WINDOWS\System32\GDI32.dll
0x00007ff8918e0000 - 0x00007ff891a0c000 	C:\WINDOWS\System32\gdi32full.dll
0x00007ff891a10000 - 0x00007ff891ab3000 	C:\WINDOWS\System32\msvcp_win.dll
0x00007ff893700000 - 0x00007ff893732000 	C:\WINDOWS\System32\IMM32.DLL
0x00007ff87fb90000 - 0x00007ff87fb9c000 	c:\Users\ai586\.windsurf\extensions\redhat.java-1.54.0-win32-x64\jre\21.0.10-win32-x86_64\bin\vcruntime140_1.dll
0x00007ff827910000 - 0x00007ff82799d000 	c:\Users\ai586\.windsurf\extensions\redhat.java-1.54.0-win32-x64\jre\21.0.10-win32-x86_64\bin\msvcp140.dll
0x00007ff80d610000 - 0x00007ff80e3b1000 	c:\Users\ai586\.windsurf\extensions\redhat.java-1.54.0-win32-x64\jre\21.0.10-win32-x86_64\bin\server\jvm.dll
0x00007ff892b80000 - 0x00007ff892c36000 	C:\WINDOWS\System32\ADVAPI32.dll
0x00007ff894d10000 - 0x00007ff894db7000 	C:\WINDOWS\System32\sechost.dll
0x00007ff894190000 - 0x00007ff8942a8000 	C:\WINDOWS\System32\RPCRT4.dll
0x00007ff894480000 - 0x00007ff894500000 	C:\WINDOWS\System32\WS2_32.dll
0x00007ff891690000 - 0x00007ff8916ee000 	C:\WINDOWS\SYSTEM32\POWRPROF.dll
0x00007ff88b070000 - 0x00007ff88b07b000 	C:\WINDOWS\SYSTEM32\VERSION.dll
0x00007ff88b030000 - 0x00007ff88b066000 	C:\WINDOWS\SYSTEM32\WINMM.dll
0x00007ff891670000 - 0x00007ff891684000 	C:\WINDOWS\SYSTEM32\UMPDC.dll
0x00007ff8905c0000 - 0x00007ff8905db000 	C:\WINDOWS\SYSTEM32\kernel.appcore.dll
0x00007ff87f6f0000 - 0x00007ff87f6fa000 	c:\Users\ai586\.windsurf\extensions\redhat.java-1.54.0-win32-x64\jre\21.0.10-win32-x86_64\bin\jimage.dll
0x00007ff884d20000 - 0x00007ff884f62000 	C:\WINDOWS\SYSTEM32\DBGHELP.DLL
0x00007ff893cd0000 - 0x00007ff894053000 	C:\WINDOWS\System32\combase.dll
0x00007ff894060000 - 0x00007ff894139000 	C:\WINDOWS\System32\OLEAUT32.dll
0x00007ff87c360000 - 0x00007ff87c39b000 	C:\WINDOWS\SYSTEM32\dbgcore.DLL
0x00007ff891830000 - 0x00007ff8918d8000 	C:\WINDOWS\System32\bcryptPrimitives.dll
0x00007ff87dd20000 - 0x00007ff87dd2f000 	c:\Users\ai586\.windsurf\extensions\redhat.java-1.54.0-win32-x64\jre\21.0.10-win32-x86_64\bin\instrument.dll
0x00007ff87b2f0000 - 0x00007ff87b310000 	c:\Users\ai586\.windsurf\extensions\redhat.java-1.54.0-win32-x64\jre\21.0.10-win32-x86_64\bin\java.dll
0x00007ff894590000 - 0x00007ff894cfe000 	C:\WINDOWS\System32\SHELL32.dll
0x00007ff891c40000 - 0x00007ff8924ac000 	C:\WINDOWS\System32\windows.storage.dll
0x00007ff893460000 - 0x00007ff893556000 	C:\WINDOWS\System32\SHCORE.dll
0x00007ff8937d0000 - 0x00007ff893836000 	C:\WINDOWS\System32\shlwapi.dll
0x00007ff891750000 - 0x00007ff891779000 	C:\WINDOWS\SYSTEM32\profapi.dll
0x00007ff861310000 - 0x00007ff861328000 	c:\Users\ai586\.windsurf\extensions\redhat.java-1.54.0-win32-x64\jre\21.0.10-win32-x86_64\bin\zip.dll
0x00007ff882f70000 - 0x00007ff882f80000 	C:\Users\ai586\.windsurf\extensions\redhat.java-1.54.0-win32-x64\jre\21.0.10-win32-x86_64\bin\net.dll
0x00007ff887ff0000 - 0x00007ff888119000 	C:\WINDOWS\SYSTEM32\WINHTTP.dll
0x00007ff890b30000 - 0x00007ff890b9c000 	C:\WINDOWS\system32\mswsock.dll
0x00007ff8750f0000 - 0x00007ff875106000 	C:\Users\ai586\.windsurf\extensions\redhat.java-1.54.0-win32-x64\jre\21.0.10-win32-x86_64\bin\nio.dll
0x00007ff87dca0000 - 0x00007ff87dcb0000 	c:\Users\ai586\.windsurf\extensions\redhat.java-1.54.0-win32-x64\jre\21.0.10-win32-x86_64\bin\verify.dll
0x00007ff861330000 - 0x00007ff861375000 	C:\Users\ai586\AppData\Roaming\Windsurf\User\globalStorage\redhat.java\1.54.0\config_ss_win\org.eclipse.equinox.launcher\org.eclipse.equinox.launcher.win32.win32.x86_64_1.3.0.v20260203-2149\eclipse_11919.dll
0x00007ff8932b0000 - 0x00007ff893447000 	C:\WINDOWS\System32\ole32.dll
0x00007ff88ce50000 - 0x00007ff88ce5a000 	C:\Users\ai586\.windsurf\extensions\redhat.java-1.54.0-win32-x64\jre\21.0.10-win32-x86_64\bin\management.dll
0x00007ff87df80000 - 0x00007ff87df8c000 	C:\Users\ai586\.windsurf\extensions\redhat.java-1.54.0-win32-x64\jre\21.0.10-win32-x86_64\bin\management_ext.dll
0x00007ff892f80000 - 0x00007ff892f88000 	C:\WINDOWS\System32\PSAPI.DLL

JVMTI agents:
c:\Users\ai586\.windsurf\extensions\redhat.java-1.54.0-win32-x64\lombok\lombok-1.18.39-4050.jar path:c:\Users\ai586\.windsurf\extensions\redhat.java-1.54.0-win32-x64\jre\21.0.10-win32-x86_64\bin\instrument.dll, loaded, initialized, instrumentlib options:none

dbghelp: loaded successfully - version: 4.0.5 - missing functions: none
symbol engine: initialized successfully - sym options: 0x614 - pdb path: .;c:\Users\ai586\.windsurf\extensions\redhat.java-1.54.0-win32-x64\jre\21.0.10-win32-x86_64\bin;C:\WINDOWS\SYSTEM32;C:\WINDOWS\WinSxS\amd64_microsoft.windows.common-controls_6595b64144ccf1df_6.0.26100.8457_none_3e0b2faee331e92d;c:\Users\ai586\.windsurf\extensions\redhat.java-1.54.0-win32-x64\jre\21.0.10-win32-x86_64\bin\server;C:\Users\ai586\AppData\Roaming\Windsurf\User\globalStorage\redhat.java\1.54.0\config_ss_win\org.eclipse.equinox.launcher\org.eclipse.equinox.launcher.win32.win32.x86_64_1.3.0.v20260203-2149

VM Arguments:
jvm_args: --add-modules=ALL-SYSTEM --add-opens=java.base/java.util=ALL-UNNAMED --add-opens=java.base/java.lang=ALL-UNNAMED --add-opens=java.base/sun.nio.fs=ALL-UNNAMED -Declipse.application=org.eclipse.jdt.ls.core.id1 -Dosgi.bundles.defaultStartLevel=4 -Declipse.product=org.eclipse.jdt.ls.core.product -Djava.import.generatesMetadataFilesAtProjectRoot=false -DDetectVMInstallationsJob.disabled=true -Dfile.encoding=utf8 -XX:+UseParallelGC -XX:GCTimeRatio=4 -XX:AdaptiveSizePolicyWeight=90 -Dsun.zip.disableMemoryMapping=true -Xmx2G -Xms100m -Xlog:disable -javaagent:c:\Users\ai586\.windsurf\extensions\redhat.java-1.54.0-win32-x64\lombok\lombok-1.18.39-4050.jar 
java_command: c:\Users\ai586\.windsurf\extensions\redhat.java-1.54.0-win32-x64\server\plugins\org.eclipse.equinox.launcher_1.7.100.v20251111-0406.jar -configuration c:\Users\ai586\AppData\Roaming\Windsurf\User\globalStorage\redhat.java\1.54.0\config_ss_win -data c:\Users\ai586\AppData\Roaming\Windsurf\User\workspaceStorage\3add33ce641f9c3ff806bd355e41fd44\redhat.java\ss_ws --pipe=\\.\pipe\lsp-d879d15256f01711bc1a2c301083de91-sock
java_class_path (initial): c:\Users\ai586\.windsurf\extensions\redhat.java-1.54.0-win32-x64\server\plugins\org.eclipse.equinox.launcher_1.7.100.v20251111-0406.jar
Launcher Type: SUN_STANDARD

[Global flags]
    uintx AdaptiveSizePolicyWeight                 = 90                                        {product} {command line}
     intx CICompilerCount                          = 4                                         {product} {ergonomic}
    uintx GCTimeRatio                              = 4                                         {product} {command line}
   size_t InitialHeapSize                          = 104857600                                 {product} {command line}
   size_t MaxHeapSize                              = 2147483648                                {product} {command line}
   size_t MaxNewSize                               = 715653120                                 {product} {ergonomic}
   size_t MinHeapDeltaBytes                        = 524288                                    {product} {ergonomic}
   size_t MinHeapSize                              = 104857600                                 {product} {command line}
   size_t NewSize                                  = 34603008                                  {product} {ergonomic}
    uintx NonNMethodCodeHeapSize                   = 5839372                                {pd product} {ergonomic}
    uintx NonProfiledCodeHeapSize                  = 122909434                              {pd product} {ergonomic}
   size_t OldSize                                  = 70254592                                  {product} {ergonomic}
    uintx ProfiledCodeHeapSize                     = 122909434                              {pd product} {ergonomic}
    uintx ReservedCodeCacheSize                    = 251658240                              {pd product} {ergonomic}
     bool SegmentedCodeCache                       = true                                      {product} {ergonomic}
   size_t SoftMaxHeapSize                          = 2147483648                             {manageable} {ergonomic}
     bool UseCompressedOops                        = true                           {product lp64_product} {ergonomic}
     bool UseLargePagesIndividualAllocation        = false                                  {pd product} {ergonomic}
     bool UseParallelGC                            = true                                      {product} {command line}

Logging:
Log output configuration:
 #0: stdout all=off uptime,level,tags foldmultilines=false
 #1: stderr all=off uptime,level,tags foldmultilines=false

Release file:
JAVA_VERSION="21.0.10" 
MODULES="java.base java.compiler java.datatransfer java.xml java.prefs java.desktop java.instrument java.logging java.management java.security.sasl java.naming java.rmi java.management.rmi java.net.http java.scripting java.security.jgss java.transaction.xa java.sql java.sql.rowset java.xml.crypto java.se java.smartcardio jdk.accessibility jdk.internal.jvmstat jdk.attach jdk.charsets jdk.internal.opt jdk.zipfs jdk.compiler jdk.crypto.ec jdk.crypto.cryptoki jdk.crypto.mscapi jdk.dynalink jdk.internal.ed jdk.editpad jdk.hotspot.agent jdk.httpserver jdk.internal.le jdk.internal.vm.ci jdk.internal.vm.compiler jdk.internal.vm.compiler.management jdk.jartool jdk.javadoc jdk.jcmd jdk.management jdk.management.agent jdk.jconsole jdk.jdeps jdk.jdwp.agent jdk.jdi jdk.jfr jdk.jshell jdk.jsobject jdk.jstatd jdk.localedata jdk.management.jfr jdk.naming.dns jdk.naming.rmi jdk.net jdk.nio.mapmode jdk.random jdk.sctp jdk.security.auth jdk.security.jgss jdk.unsupported jdk.unsupported.desktop jdk.xml.dom" 

Environment Variables:
PATH=C:\Users\ai586\AppData\Local\Programs\Windsurf;C:\Program Files (x86)\VMware\VMware Player\bin\;C:\Program Files\Common Files\Oracle\Java\javapath;C:\Windows\system32;C:\Windows;C:\Windows\System32\Wbem;C:\Windows\System32\WindowsPowerShell\v1.0\;C:\Windows\System32\OpenSSH\;C:\Program Files (x86)\NVIDIA Corporation\PhysX\Common;C:\Program Files\WireGuard\;C:\Program Files\Git\cmd;C:\Program Files\Git\usr\bin;C:\Program Files\Java\jdk-21\bin\;C:\Program Files (x86)\dotnet\;C:\Users\ai586\AppData\Local\nvm;C:\nvm4w\nodejs;C:\Program Files\NVIDIA Corporation\NVIDIA App\NvDLISR;C:\WINDOWS\system32;C:\WINDOWS;C:\WINDOWS\System32\Wbem;C:\WINDOWS\System32\WindowsPowerShell\v1.0\;C:\WINDOWS\System32\OpenSSH\;C:\Program Files\nodejs\;D:\Apps\cursor\resources\app\bin;C:\Users\ai586\AppData\Local\Microsoft\WindowsApps;C:\Users\ai586\AppData\Local\Programs\Microsoft VS Code\bin;D:\platform-tools;C:\Users\ai586\AppData\Local\Programs\Hyper\resources\bin;C:\Program Files\CodeBlocks\MinGW\bin;C:\Program Files (x86)\GnuWin32\bin;D:\Downloads\win_flex_bison-2.5.25;C:\Users\ai586\AppData\Local\nvm;C:\nvm4w\nodejs;C:\Users\ai586\AppData\Local\Programs\Windsurf\bin;C:\Users\ai586\AppData\Roaming\npm;D:\Apps\Antigravity\bin
USERNAME=ai586
OS=Windows_NT
PROCESSOR_IDENTIFIER=AMD64 Family 25 Model 80 Stepping 0, AuthenticAMD
TMP=C:\Users\ai586\AppData\Local\Temp
TEMP=C:\Users\ai586\AppData\Local\Temp




Periodic native trim disabled

---------------  S Y S T E M  ---------------

OS:
 Windows 11 , 64 bit Build 26100 (10.0.26100.8328)
OS uptime: 2 days 4:10 hours
Hyper-V role detected

CPU: total 12 (initial active 12) (12 cores per cpu, 2 threads per core) family 25 model 80 stepping 0 microcode 0xa50000d, cx8, cmov, fxsr, ht, mmx, 3dnowpref, sse, sse2, sse3, ssse3, sse4a, sse4.1, sse4.2, popcnt, lzcnt, tsc, tscinvbit, avx, avx2, aes, erms, clmul, bmi1, bmi2, adx, sha, fma, vzeroupper, clflush, clflushopt, hv, rdtscp, rdpid, fsrm, f16c, cet_ss
Processor Information for processor 0
  Max Mhz: 3301, Current Mhz: 1805, Mhz Limit: 3301
Processor Information for processor 1
  Max Mhz: 3301, Current Mhz: 1908, Mhz Limit: 3301
Processor Information for processor 2
  Max Mhz: 3301, Current Mhz: 1908, Mhz Limit: 3301
Processor Information for processor 3
  Max Mhz: 3301, Current Mhz: 1805, Mhz Limit: 3301
Processor Information for processor 4
  Max Mhz: 3301, Current Mhz: 1908, Mhz Limit: 3301
Processor Information for processor 5
  Max Mhz: 3301, Current Mhz: 1805, Mhz Limit: 3301
Processor Information for processor 6
  Max Mhz: 3301, Current Mhz: 1908, Mhz Limit: 3301
Processor Information for processor 7
  Max Mhz: 3301, Current Mhz: 1908, Mhz Limit: 3301
Processor Information for processor 8
  Max Mhz: 3301, Current Mhz: 1805, Mhz Limit: 3301
Processor Information for processor 9
  Max Mhz: 3301, Current Mhz: 1908, Mhz Limit: 3301
Processor Information for processor 10
  Max Mhz: 3301, Current Mhz: 1908, Mhz Limit: 3301
Processor Information for processor 11
  Max Mhz: 3301, Current Mhz: 1908, Mhz Limit: 3301

Memory: 4k page, system-wide physical 15775M (590M free)
TotalPageFile size 27064M (AvailPageFile size 25M)
current process WorkingSet (physical memory assigned to process): 137M, peak: 137M
current process commit charge ("private bytes"): 282M, peak: 282M

vm_info: OpenJDK 64-Bit Server VM (21.0.10+7-LTS) for windows-amd64 JRE (21.0.10+7-LTS), built on 2026-01-20T00:00:00Z by "admin" with MS VC++ 17.12 (VS2022)

END.
